
> my-blog-ch2@0.1.0 build
> next build

▲ Next.js 16.2.2 (Turbopack)

  Creating an optimized production build ...
✓ Compiled successfully in 2.7s
  Running TypeScript ...
  Finished TypeScript in 2.8s ...
  Collecting page data using 17 workers ...
  Generating static pages using 17 workers (0/14) ...
  Generating static pages using 17 workers (3/14) 
  Generating static pages using 17 workers (6/14) 
  Generating static pages using 17 workers (10/14) 
✓ Generating static pages using 17 workers (14/14) in 373ms
  Finalizing page optimization ...

Route (app)
┌ ○ /
├ ○ /_not-found
├ ƒ /api/auth/login
├ ƒ /api/auth/logout
├ ƒ /api/auth/session
├ ƒ /api/auth/signup
├ ○ /blog
├ ○ /chapter-9
├ ƒ /login
├ ƒ /mypage
├ ○ /posts
├ ƒ /posts/[id]
├ ƒ /posts/[id]/edit
├ ○ /posts/new
└ ○ /signup


ƒ Proxy (Middleware)

○  (Static)   prerendered as static content
ƒ  (Dynamic)  server-rendered on demand

